2026-09-05 21:06:08.907 UTC [4731] LOG:  starting PostgreSQL 17.11 (Debian 17.11-0+deb13u1) on x86_64-pc-linux-gnu, compiled by gcc (Debian 14.2.0-19) 14.2.0, 64-bit
2026-09-05 21:06:08.907 UTC [4731] LOG:  listening on IPv4 address "127.0.0.1", port 5432
2026-09-05 21:06:08.908 UTC [4731] LOG:  listening on Unix socket "/tmp/.s.PGSQL.5432"
2026-09-05 21:06:08.910 UTC [4734] LOG:  database system was shut down at 2026-09-05 21:06:08 UTC
2026-09-05 21:06:08.912 UTC [4731] LOG:  database system is ready to accept connections
2026-09-05 21:11:09.010 UTC [4732] LOG:  checkpoint starting: time
2026-09-05 21:12:57.968 UTC [4732] LOG:  checkpoint complete: wrote 1089 buffers (6.6%); 0 WAL file(s) added, 0 removed, 0 recycled; write=108.951 s, sync=0.004 s, total=108.959 s; sync files=530, longest=0.001 s, average=0.001 s; distance=6253 kB, estimate=6253 kB; lsn=0/1B67688, redo lsn=0/1B09F18
2026-09-05 21:51:10.477 UTC [4732] LOG:  checkpoint starting: time
2026-09-05 21:51:32.744 UTC [4732] LOG:  checkpoint complete: wrote 223 buffers (1.4%); 0 WAL file(s) added, 0 removed, 0 recycled; write=22.264 s, sync=0.001 s, total=22.267 s; sync files=113, longest=0.001 s, average=0.001 s; distance=554 kB, estimate=5683 kB; lsn=0/1B94A38, redo lsn=0/1B949A8
2026-09-05 21:54:26.299 UTC [6804] ERROR:  missing FROM-clause entry for table "c" at character 129
2026-09-05 21:54:26.299 UTC [6804] STATEMENT:  
	      SELECT id, 1 - (embedding <=> $1::vector) AS similarity
	      FROM "DocumentChunk"
	      WHERE embedding IS NOT NULL AND c."documentId" IN (SELECT id FROM "Document" WHERE "workspaceId" = $2 )
	      ORDER BY embedding <=> $3::vector
	      LIMIT $4
	    
2026-09-05 21:54:26.388 UTC [6804] ERROR:  missing FROM-clause entry for table "c" at character 129
2026-09-05 21:54:26.388 UTC [6804] STATEMENT:  
	      SELECT id, 1 - (embedding <=> $1::vector) AS similarity
	      FROM "DocumentChunk"
	      WHERE embedding IS NOT NULL AND c."documentId" IN (SELECT id FROM "Document" WHERE "workspaceId" = $2 AND "projectId" = $3)
	      ORDER BY embedding <=> $4::vector
	      LIMIT $5
	    
2026-09-05 21:54:26.411 UTC [6803] ERROR:  missing FROM-clause entry for table "c" at character 129
2026-09-05 21:54:26.411 UTC [6803] STATEMENT:  
	      SELECT id, 1 - (embedding <=> $1::vector) AS similarity
	      FROM "DocumentChunk"
	      WHERE embedding IS NOT NULL AND c."documentId" IN (SELECT id FROM "Document" WHERE "workspaceId" = $2 )
	      ORDER BY embedding <=> $3::vector
	      LIMIT $4
	    
2026-09-05 21:54:46.439 UTC [6891] ERROR:  missing FROM-clause entry for table "c" at character 129
2026-09-05 21:54:46.439 UTC [6891] STATEMENT:  
	      SELECT id, 1 - (embedding <=> $1::vector) AS similarity
	      FROM "DocumentChunk"
	      WHERE embedding IS NOT NULL AND c."documentId" IN (SELECT id FROM "Document" WHERE "workspaceId" = $2 )
	      ORDER BY embedding <=> $3::vector
	      LIMIT $4
	    
2026-09-05 21:54:46.518 UTC [6891] ERROR:  missing FROM-clause entry for table "c" at character 129
2026-09-05 21:54:46.518 UTC [6891] STATEMENT:  
	      SELECT id, 1 - (embedding <=> $1::vector) AS similarity
	      FROM "DocumentChunk"
	      WHERE embedding IS NOT NULL AND c."documentId" IN (SELECT id FROM "Document" WHERE "workspaceId" = $2 AND "projectId" = $3)
	      ORDER BY embedding <=> $4::vector
	      LIMIT $5
	    
2026-09-05 21:54:46.541 UTC [6891] ERROR:  missing FROM-clause entry for table "c" at character 129
2026-09-05 21:54:46.541 UTC [6891] STATEMENT:  
	      SELECT id, 1 - (embedding <=> $1::vector) AS similarity
	      FROM "DocumentChunk"
	      WHERE embedding IS NOT NULL AND c."documentId" IN (SELECT id FROM "Document" WHERE "workspaceId" = $2 )
	      ORDER BY embedding <=> $3::vector
	      LIMIT $4
	    
2026-09-05 21:54:59.200 UTC [6980] ERROR:  missing FROM-clause entry for table "c" at character 129
2026-09-05 21:54:59.200 UTC [6980] STATEMENT:  
	      SELECT id, 1 - (embedding <=> $1::vector) AS similarity
	      FROM "DocumentChunk"
	      WHERE embedding IS NOT NULL AND c."documentId" IN (SELECT id FROM "Document" WHERE "workspaceId" = $2 )
	      ORDER BY embedding <=> $3::vector
	      LIMIT $4
	    
2026-09-05 21:54:59.281 UTC [6980] ERROR:  missing FROM-clause entry for table "c" at character 129
2026-09-05 21:54:59.281 UTC [6980] STATEMENT:  
	      SELECT id, 1 - (embedding <=> $1::vector) AS similarity
	      FROM "DocumentChunk"
	      WHERE embedding IS NOT NULL AND c."documentId" IN (SELECT id FROM "Document" WHERE "workspaceId" = $2 AND "projectId" = $3)
	      ORDER BY embedding <=> $4::vector
	      LIMIT $5
	    
2026-09-05 21:54:59.311 UTC [6981] ERROR:  missing FROM-clause entry for table "c" at character 129
2026-09-05 21:54:59.311 UTC [6981] STATEMENT:  
	      SELECT id, 1 - (embedding <=> $1::vector) AS similarity
	      FROM "DocumentChunk"
	      WHERE embedding IS NOT NULL AND c."documentId" IN (SELECT id FROM "Document" WHERE "workspaceId" = $2 )
	      ORDER BY embedding <=> $3::vector
	      LIMIT $4
	    
2026-09-05 21:55:10.836 UTC [7087] ERROR:  missing FROM-clause entry for table "c" at character 129
2026-09-05 21:55:10.836 UTC [7087] STATEMENT:  
	      SELECT id, 1 - (embedding <=> $1::vector) AS similarity
	      FROM "DocumentChunk"
	      WHERE embedding IS NOT NULL AND c."documentId" IN (SELECT id FROM "Document" WHERE "workspaceId" = $2 AND "projectId" = $3)
	      ORDER BY embedding <=> $4::vector
	      LIMIT $5
	    
2026-09-05 21:55:30.340 UTC [7242] ERROR:  missing FROM-clause entry for table "c" at character 129
2026-09-05 21:55:30.340 UTC [7242] STATEMENT:  
	      SELECT id, 1 - (embedding <=> $1::vector) AS similarity
	      FROM "DocumentChunk"
	      WHERE embedding IS NOT NULL AND c."documentId" IN (SELECT id FROM "Document" WHERE "workspaceId" = $2 )
	      ORDER BY embedding <=> $3::vector
	      LIMIT $4
	    
2026-09-05 21:55:30.420 UTC [7241] ERROR:  missing FROM-clause entry for table "c" at character 129
2026-09-05 21:55:30.420 UTC [7241] STATEMENT:  
	      SELECT id, 1 - (embedding <=> $1::vector) AS similarity
	      FROM "DocumentChunk"
	      WHERE embedding IS NOT NULL AND c."documentId" IN (SELECT id FROM "Document" WHERE "workspaceId" = $2 AND "projectId" = $3)
	      ORDER BY embedding <=> $4::vector
	      LIMIT $5
	    
2026-09-05 21:55:30.440 UTC [7241] ERROR:  missing FROM-clause entry for table "c" at character 129
2026-09-05 21:55:30.440 UTC [7241] STATEMENT:  
	      SELECT id, 1 - (embedding <=> $1::vector) AS similarity
	      FROM "DocumentChunk"
	      WHERE embedding IS NOT NULL AND c."documentId" IN (SELECT id FROM "Document" WHERE "workspaceId" = $2 )
	      ORDER BY embedding <=> $3::vector
	      LIMIT $4
	    
2026-09-05 21:55:41.295 UTC [7319] ERROR:  insert or update on table "RunEvent" violates foreign key constraint "RunEvent_runId_fkey"
2026-09-05 21:55:41.295 UTC [7319] DETAIL:  Key (runId)=(cmtox965l0001nzmksy784jo1) is not present in table "AgentRun".
2026-09-05 21:55:41.295 UTC [7319] STATEMENT:  INSERT INTO "public"."RunEvent" ("id","runId","intentId","kind","message","detail","actor","at") VALUES ($1,$2,$3,CAST($4::text AS "public"."RunEventKind"),$5,$6,$7,$8) RETURNING "public"."RunEvent"."id", "public"."RunEvent"."runId", "public"."RunEvent"."intentId", "public"."RunEvent"."kind"::text, "public"."RunEvent"."message", "public"."RunEvent"."detail", "public"."RunEvent"."actor", "public"."RunEvent"."at"
2026-09-05 21:55:41.365 UTC [7320] ERROR:  insert or update on table "RunEvent" violates foreign key constraint "RunEvent_runId_fkey"
2026-09-05 21:55:41.365 UTC [7320] DETAIL:  Key (runId)=(cmtox965l0001nzmksy784jo1) is not present in table "AgentRun".
2026-09-05 21:55:41.365 UTC [7320] STATEMENT:  INSERT INTO "public"."RunEvent" ("id","runId","intentId","kind","message","detail","actor","at") VALUES ($1,$2,$3,CAST($4::text AS "public"."RunEventKind"),$5,$6,$7,$8) RETURNING "public"."RunEvent"."id", "public"."RunEvent"."runId", "public"."RunEvent"."intentId", "public"."RunEvent"."kind"::text, "public"."RunEvent"."message", "public"."RunEvent"."detail", "public"."RunEvent"."actor", "public"."RunEvent"."at"
2026-09-05 21:55:41.368 UTC [7320] ERROR:  insert or update on table "RunEvent" violates foreign key constraint "RunEvent_runId_fkey"
2026-09-05 21:55:41.368 UTC [7320] DETAIL:  Key (runId)=(cmtox965l0001nzmksy784jo1) is not present in table "AgentRun".
2026-09-05 21:55:41.368 UTC [7320] STATEMENT:  INSERT INTO "public"."RunEvent" ("id","runId","intentId","kind","message","detail","actor","at") VALUES ($1,$2,$3,CAST($4::text AS "public"."RunEventKind"),$5,$6,$7,$8) RETURNING "public"."RunEvent"."id", "public"."RunEvent"."runId", "public"."RunEvent"."intentId", "public"."RunEvent"."kind"::text, "public"."RunEvent"."message", "public"."RunEvent"."detail", "public"."RunEvent"."actor", "public"."RunEvent"."at"
2026-09-05 21:55:41.375 UTC [7319] ERROR:  missing FROM-clause entry for table "c" at character 129
2026-09-05 21:55:41.375 UTC [7319] STATEMENT:  
	      SELECT id, 1 - (embedding <=> $1::vector) AS similarity
	      FROM "DocumentChunk"
	      WHERE embedding IS NOT NULL AND c."documentId" IN (SELECT id FROM "Document" WHERE "workspaceId" = $2 AND "projectId" = $3)
	      ORDER BY embedding <=> $4::vector
	      LIMIT $5
	    
2026-09-05 21:55:41.393 UTC [7320] ERROR:  insert or update on table "RunEvent" violates foreign key constraint "RunEvent_runId_fkey"
2026-09-05 21:55:41.393 UTC [7320] DETAIL:  Key (runId)=(cmtox965l0001nzmksy784jo1) is not present in table "AgentRun".
2026-09-05 21:55:41.393 UTC [7320] STATEMENT:  INSERT INTO "public"."RunEvent" ("id","runId","intentId","kind","message","detail","actor","at") VALUES ($1,$2,$3,CAST($4::text AS "public"."RunEventKind"),$5,$6,$7,$8) RETURNING "public"."RunEvent"."id", "public"."RunEvent"."runId", "public"."RunEvent"."intentId", "public"."RunEvent"."kind"::text, "public"."RunEvent"."message", "public"."RunEvent"."detail", "public"."RunEvent"."actor", "public"."RunEvent"."at"
2026-09-05 21:56:10.843 UTC [4732] LOG:  checkpoint starting: time
2026-09-05 21:56:21.187 UTC [4732] LOG:  checkpoint complete: wrote 104 buffers (0.6%); 0 WAL file(s) added, 0 removed, 0 recycled; write=10.341 s, sync=0.002 s, total=10.345 s; sync files=79, longest=0.001 s, average=0.001 s; distance=161 kB, estimate=5131 kB; lsn=0/1BBD100, redo lsn=0/1BBD070
2026-09-05 21:56:23.346 UTC [7435] ERROR:  missing FROM-clause entry for table "c" at character 129
2026-09-05 21:56:23.346 UTC [7435] STATEMENT:  
	      SELECT id, 1 - (embedding <=> $1::vector) AS similarity
	      FROM "DocumentChunk"
	      WHERE embedding IS NOT NULL AND c."documentId" IN (SELECT id FROM "Document" WHERE "workspaceId" = $2 AND "projectId" = $3)
	      ORDER BY embedding <=> $4::vector
	      LIMIT $5
	    
2026-09-05 21:56:30.641 UTC [7521] ERROR:  missing FROM-clause entry for table "c" at character 129
2026-09-05 21:56:30.641 UTC [7521] STATEMENT:  
	      SELECT id, 1 - (embedding <=> $1::vector) AS similarity
	      FROM "DocumentChunk"
	      WHERE embedding IS NOT NULL AND c."documentId" IN (SELECT id FROM "Document" WHERE "workspaceId" = $2 AND "projectId" = $3)
	      ORDER BY embedding <=> $4::vector
	      LIMIT $5
	    
2026-09-05 22:01:10.274 UTC [4732] LOG:  checkpoint starting: time
2026-09-05 22:01:29.969 UTC [4732] LOG:  checkpoint complete: wrote 199 buffers (1.2%); 1 WAL file(s) added, 0 removed, 0 recycled; write=19.659 s, sync=0.002 s, total=19.696 s; sync files=118, longest=0.001 s, average=0.001 s; distance=833 kB, estimate=4701 kB; lsn=0/1C8D8A8, redo lsn=0/1C8D818
2026-09-05 22:11:11.153 UTC [4732] LOG:  checkpoint starting: time
2026-09-05 22:11:14.067 UTC [4732] LOG:  checkpoint complete: wrote 30 buffers (0.2%); 0 WAL file(s) added, 0 removed, 0 recycled; write=2.910 s, sync=0.001 s, total=2.915 s; sync files=21, longest=0.001 s, average=0.001 s; distance=85 kB, estimate=4240 kB; lsn=0/1CA2F40, redo lsn=0/1CA2EE8
2026-09-05 22:16:11.138 UTC [4732] LOG:  checkpoint starting: time
2026-09-05 22:16:12.445 UTC [4732] LOG:  checkpoint complete: wrote 14 buffers (0.1%); 0 WAL file(s) added, 0 removed, 0 recycled; write=1.304 s, sync=0.001 s, total=1.307 s; sync files=13, longest=0.001 s, average=0.001 s; distance=36 kB, estimate=3819 kB; lsn=0/1CAC2D8, redo lsn=0/1CAC280
2026-09-05 22:31:11.851 UTC [4732] LOG:  checkpoint starting: time
2026-09-05 22:31:33.030 UTC [4732] LOG:  checkpoint complete: wrote 215 buffers (1.3%); 0 WAL file(s) added, 0 removed, 0 recycled; write=21.169 s, sync=0.005 s, total=21.183 s; sync files=110, longest=0.001 s, average=0.001 s; distance=1079 kB, estimate=3545 kB; lsn=0/1E16688, redo lsn=0/1DB9F38
2026-09-05 22:33:28.298 UTC [9449] ERROR:  insert or update on table "Document" violates foreign key constraint "Document_projectId_fkey"
2026-09-05 22:33:28.298 UTC [9449] DETAIL:  Key (projectId)=() is not present in table "Project".
2026-09-05 22:33:28.298 UTC [9449] STATEMENT:  INSERT INTO "public"."Document" ("id","workspaceId","projectId","uploaderId","title","filename","mimeType","size","storageKey","status","chunkCount","metadata","createdAt","updatedAt") VALUES ($1,$2,$3,$4,$5,$6,$7,$8,$9,CAST($10::text AS "public"."DocumentStatus"),$11,$12,$13,$14) RETURNING "public"."Document"."id", "public"."Document"."workspaceId", "public"."Document"."projectId", "public"."Document"."uploaderId", "public"."Document"."title", "public"."Document"."filename", "public"."Document"."mimeType", "public"."Document"."size", "public"."Document"."storageKey", "public"."Document"."status"::text, "public"."Document"."error", "public"."Document"."pageCount", "public"."Document"."wordCount", "public"."Document"."chunkCount", "public"."Document"."summary", "public"."Document"."metadata", "public"."Document"."ingestedAt", "public"."Document"."createdAt", "public"."Document"."updatedAt"
2026-09-05 22:36:11.115 UTC [4732] LOG:  checkpoint starting: time
2026-09-05 22:36:15.250 UTC [10088] ERROR:  insert or update on table "RunEvent" violates foreign key constraint "RunEvent_runId_fkey"
2026-09-05 22:36:15.250 UTC [10088] DETAIL:  Key (runId)=() is not present in table "AgentRun".
2026-09-05 22:36:15.250 UTC [10088] STATEMENT:  INSERT INTO "public"."RunEvent" ("id","runId","intentId","kind","message","detail","actor","at") VALUES ($1,$2,$3,CAST($4::text AS "public"."RunEventKind"),$5,$6,$7,$8) RETURNING "public"."RunEvent"."id", "public"."RunEvent"."runId", "public"."RunEvent"."intentId", "public"."RunEvent"."kind"::text, "public"."RunEvent"."message", "public"."RunEvent"."detail", "public"."RunEvent"."actor", "public"."RunEvent"."at"
2026-09-05 22:36:27.780 UTC [4732] LOG:  checkpoint complete: wrote 167 buffers (1.0%); 0 WAL file(s) added, 0 removed, 0 recycled; write=16.662 s, sync=0.001 s, total=16.666 s; sync files=103, longest=0.001 s, average=0.001 s; distance=657 kB, estimate=3256 kB; lsn=0/1E9A5C8, redo lsn=0/1E5E4A8
2026-09-05 22:41:11.788 UTC [4732] LOG:  checkpoint starting: time
2026-09-05 22:41:43.680 UTC [4732] LOG:  checkpoint complete: wrote 321 buffers (2.0%); 0 WAL file(s) added, 0 removed, 1 recycled; write=31.889 s, sync=0.001 s, total=31.893 s; sync files=187, longest=0.001 s, average=0.001 s; distance=2448 kB, estimate=3175 kB; lsn=0/20C2588, redo lsn=0/20C24F8
2026-09-05 22:48:50.530 UTC [10695] FATAL:  role "user" does not exist
2026-09-05 22:51:11.833 UTC [4732] LOG:  checkpoint starting: time
2026-09-05 22:51:15.847 UTC [4732] LOG:  checkpoint complete: wrote 41 buffers (0.3%); 0 WAL file(s) added, 0 removed, 0 recycled; write=4.011 s, sync=0.002 s, total=4.014 s; sync files=29, longest=0.001 s, average=0.001 s; distance=130 kB, estimate=2871 kB; lsn=0/20E30A0, redo lsn=0/20E3010
2026-09-05 22:51:48.819 UTC [10895] FATAL:  role "user" does not exist
2026-09-05 22:52:33.692 UTC [10974] ERROR:  duplicate key value violates unique constraint "Session_token_key"
2026-09-05 22:52:33.692 UTC [10974] DETAIL:  Key (token)=(eyJhbGciOiJIUzI1NiJ9.eyJ3b3Jrc3BhY2VJZCI6IndzX2RlbW9fbmV4dXMiLCJyb2xlIjoiT1dORVIiLCJzdWIiOiJ1c3JfZGVtb19uZXh1cyIsImlhdCI6MTc4ODY0ODc1MywiZXhwIjoxNzg5ODU4MzUzfQ.ocDf1wEjwwpbDPiYmhyI1d0n50mXztHokN3MAAcKjP8) already exists.
2026-09-05 22:52:33.692 UTC [10974] STATEMENT:  INSERT INTO "public"."Session" ("id","userId","token","expiresAt","userAgent","ip","createdAt") VALUES ($1,$2,$3,$4,$5,$6,$7) RETURNING "public"."Session"."id", "public"."Session"."userId", "public"."Session"."token", "public"."Session"."expiresAt", "public"."Session"."userAgent", "public"."Session"."ip", "public"."Session"."createdAt"
